
<figure itemscope itemtype="http://schema.org/AudioObject">
  <meta itemprop="name" content="Goldberg Variations">
  <meta itemprop="description" content="The Goldberg Variations (German: Goldberg-Variationen), BWV 988, is a musical composition
for keyboard by Johann Sebastian Bach, consisting of an aria and a set of 30 variations.
First published in 1741, it is named after Johann Gottlieb Goldberg,
who may also have been the first performer of the work.">
  <figcaption>Goldberg Variations</figcaption>
  <audio controls="controls" title="Goldberg Variations"  >
    <source src="vfs://root/userfiles/media/goldberg.ogg" type="audio/ogg; codecs=vorbis">
    <source src="vfs://root/userfiles/media/goldberg.mp3" type="audio/mpeg">
    <a href="vfs://root/userfiles/media/goldberg.mp3">Goldberg Variations</a>
  </audio>
</figure>
