
<h1>Audio 1.0</h1>
<div class="audio_syscheck">
  <h2>System check</h2>
  <p class="xh_fail">PHP version ≥ 7.1.0</p>
  <p class="xh_fail">CMSimple_XH version ≥ 1.7.0</p>
  <p class="xh_fail">Plib_XH version ≥ 1.3</p>
  <p class="xh_warning">Folder './plugins/audio/css/' writable</p>
  <p class="xh_warning">Folder './plugins/audio/languages/' writable</p>
</div>
